nohup: ignoring input
/opt/pytorch/lib/python3.13/site-packages/torch/cuda/__init__.py:65: FutureWarning: The pynvml package is deprecated. Please install nvidia-ml-py instead. If you did not install pynvml directly, please report this to the maintainers of the package that installed pynvml for you.
  import pynvml  # type: ignore[import]
wandb: [wandb.login()] Loaded credentials for https://api.wandb.ai from /home/ubuntu/.netrc.
wandb: Currently logged in as: vkalva (vkalva-carnegie-mellon-university) to https://api.wandb.ai. Use `wandb login --relogin` to force relogin
wandb: Tracking run with wandb version 0.25.1
wandb: Run data is saved locally in /home/ubuntu/16831_IRL_Project/wandb/run-20260322_233629-vjcv2r2f
wandb: Run `wandb offline` to turn off syncing.
wandb: Syncing run sac_v2_ext
wandb: ⭐️ View project at https://wandb.ai/vkalva-carnegie-mellon-university/locomimic
wandb: 🚀 View run at https://wandb.ai/vkalva-carnegie-mellon-university/locomimic/runs/vjcv2r2f
Loaded checkpoint: models/tracking_v2/final.pt
Run    : sac_v2_ext
Device : cuda
Steps  : 1000000
Step      18 | Ep     0 | Return    54.64 | Steps   19 | Avg100 R=  54.64 L= 19.0 | α=0.0255
Step    7760 | Ep   500 | Return    29.22 | Steps   12 | Avg100 R=  39.08 L= 15.9 | α=0.0255
Step   17727 | Ep  1000 | Return    57.46 | Steps   30 | Avg100 R=  45.93 L= 20.0 | α=0.2970
Step   27763 | Ep  1500 | Return    38.88 | Steps   18 | Avg100 R=  47.08 L= 19.9 | α=0.9339
Step   37588 | Ep  2000 | Return    52.90 | Steps   22 | Avg100 R=  48.10 L= 20.1 | α=1.6157
Step   47382 | Ep  2500 | Return    19.81 | Steps    8 | Avg100 R=  48.61 L= 20.0 | α=2.2549
Step   57188 | Ep  3000 | Return    39.27 | Steps   16 | Avg100 R=  45.69 L= 19.1 | α=2.8243
Step   66848 | Ep  3500 | Return    52.69 | Steps   21 | Avg100 R=  45.60 L= 19.0 | α=3.2476
Step   76814 | Ep  4000 | Return    31.70 | Steps   12 | Avg100 R=  49.06 L= 20.6 | α=3.5896
Step   86419 | Ep  4500 | Return    32.28 | Steps   12 | Avg100 R=  45.42 L= 18.8 | α=3.6446
Step   95930 | Ep  5000 | Return    45.05 | Steps   20 | Avg100 R=  46.85 L= 19.7 | α=3.6068
Step  105490 | Ep  5500 | Return    52.28 | Steps   19 | Avg100 R=  45.59 L= 18.8 | α=3.7261
Step  115083 | Ep  6000 | Return    58.85 | Steps   21 | Avg100 R=  45.84 L= 19.0 | α=4.0654
Step  124441 | Ep  6500 | Return    25.42 | Steps    9 | Avg100 R=  44.92 L= 18.6 | α=4.1806
Step  134057 | Ep  7000 | Return    63.23 | Steps   27 | Avg100 R=  48.72 L= 20.1 | α=4.3807
Step  143560 | Ep  7500 | Return    49.25 | Steps   20 | Avg100 R=  48.17 L= 20.0 | α=4.6134
Step  153083 | Ep  8000 | Return    24.65 | Steps   11 | Avg100 R=  45.17 L= 18.8 | α=4.7190
Step  162486 | Ep  8500 | Return    36.56 | Steps   17 | Avg100 R=  46.34 L= 19.2 | α=4.7015
Step  171955 | Ep  9000 | Return    26.32 | Steps   10 | Avg100 R=  44.16 L= 18.4 | α=4.5611
Step  180969 | Ep  9500 | Return    35.55 | Steps   15 | Avg100 R=  43.54 L= 17.6 | α=4.6844
Step  189982 | Ep 10000 | Return    50.70 | Steps   22 | Avg100 R=  45.14 L= 18.6 | α=4.7249
Step  199021 | Ep 10500 | Return    51.74 | Steps   23 | Avg100 R=  44.36 L= 18.5 | α=4.6170
Step  208407 | Ep 11000 | Return    34.23 | Steps   12 | Avg100 R=  42.34 L= 17.2 | α=4.5491
Step  217747 | Ep 11500 | Return    32.94 | Steps   12 | Avg100 R=  44.55 L= 18.4 | α=4.6946
Step  227162 | Ep 12000 | Return    19.99 | Steps    8 | Avg100 R=  45.62 L= 18.8 | α=4.5327
Step  236101 | Ep 12500 | Return    41.21 | Steps   17 | Avg100 R=  44.35 L= 18.3 | α=4.4300
Step  245477 | Ep 13000 | Return    22.00 | Steps    9 | Avg100 R=  44.61 L= 18.2 | α=4.2464
Checkpoint saved: models/sac_v2_ext/ckpt_step_250000.pt
Step  254577 | Ep 13500 | Return    41.26 | Steps   14 | Avg100 R=  43.97 L= 18.0 | α=4.0857
Step  263716 | Ep 14000 | Return    51.53 | Steps   23 | Avg100 R=  43.30 L= 18.0 | α=4.0298
Step  272735 | Ep 14500 | Return    33.71 | Steps   16 | Avg100 R=  42.00 L= 17.6 | α=3.7692
Step  281697 | Ep 15000 | Return    72.21 | Steps   28 | Avg100 R=  42.74 L= 17.5 | α=3.6540
Step  290781 | Ep 15500 | Return    29.59 | Steps   11 | Avg100 R=  46.66 L= 19.2 | α=3.5969
Step  300081 | Ep 16000 | Return    44.11 | Steps   19 | Avg100 R=  46.39 L= 19.3 | α=3.3965
Step  309265 | Ep 16500 | Return    49.47 | Steps   20 | Avg100 R=  44.65 L= 18.5 | α=3.2659
Step  318317 | Ep 17000 | Return    57.13 | Steps   22 | Avg100 R=  43.37 L= 17.8 | α=3.0880
Step  327160 | Ep 17500 | Return    28.55 | Steps   14 | Avg100 R=  42.82 L= 17.5 | α=2.9200
Step  336119 | Ep 18000 | Return    62.93 | Steps   26 | Avg100 R=  43.78 L= 18.0 | α=2.8190
Step  344859 | Ep 18500 | Return    35.81 | Steps   15 | Avg100 R=  42.36 L= 17.3 | α=2.7158
Step  353732 | Ep 19000 | Return    51.65 | Steps   21 | Avg100 R=  42.51 L= 17.3 | α=2.5514
Step  362543 | Ep 19500 | Return    44.13 | Steps   16 | Avg100 R=  43.86 L= 18.2 | α=2.4711
Step  371341 | Ep 20000 | Return    24.98 | Steps   10 | Avg100 R=  43.21 L= 18.0 | α=2.3073
Step  380365 | Ep 20500 | Return    47.21 | Steps   20 | Avg100 R=  42.99 L= 17.7 | α=2.0891
Step  389588 | Ep 21000 | Return    29.65 | Steps   12 | Avg100 R=  44.13 L= 18.1 | α=1.9205
Step  398435 | Ep 21500 | Return    44.50 | Steps   19 | Avg100 R=  42.23 L= 17.3 | α=1.7951
Step  407486 | Ep 22000 | Return    67.78 | Steps   29 | Avg100 R=  42.12 L= 17.3 | α=1.6850
Step  416615 | Ep 22500 | Return    63.54 | Steps   27 | Avg100 R=  46.86 L= 19.4 | α=1.5980
Step  425444 | Ep 23000 | Return    27.23 | Steps   12 | Avg100 R=  42.44 L= 17.8 | α=1.4377
Step  434257 | Ep 23500 | Return    38.20 | Steps   18 | Avg100 R=  42.02 L= 17.4 | α=1.3695
Step  442869 | Ep 24000 | Return    20.91 | Steps    7 | Avg100 R=  43.46 L= 17.9 | α=1.3174
Step  451845 | Ep 24500 | Return    24.22 | Steps    9 | Avg100 R=  44.65 L= 18.6 | α=1.2117
Step  460209 | Ep 25000 | Return    42.12 | Steps   17 | Avg100 R=  41.43 L= 16.9 | α=1.1092
Step  468476 | Ep 25500 | Return    26.04 | Steps   10 | Avg100 R=  41.32 L= 17.0 | α=0.9976
Step  476915 | Ep 26000 | Return    22.08 | Steps    8 | Avg100 R=  39.34 L= 16.1 | α=0.8874
Step  485261 | Ep 26500 | Return    31.87 | Steps   13 | Avg100 R=  41.12 L= 16.8 | α=0.8274
Step  493663 | Ep 27000 | Return    30.13 | Steps   13 | Avg100 R=  41.64 L= 17.2 | α=0.7753
Checkpoint saved: models/sac_v2_ext/ckpt_step_500000.pt
Step  501912 | Ep 27500 | Return    24.37 | Steps    9 | Avg100 R=  41.79 L= 17.1 | α=0.7006
Step  509947 | Ep 28000 | Return    18.41 | Steps    7 | Avg100 R=  40.40 L= 16.5 | α=0.6363
Step  518183 | Ep 28500 | Return    43.08 | Steps   18 | Avg100 R=  41.38 L= 16.9 | α=0.5667
Step  526140 | Ep 29000 | Return    18.23 | Steps    7 | Avg100 R=  38.52 L= 15.4 | α=0.5284
Step  534089 | Ep 29500 | Return    29.20 | Steps   11 | Avg100 R=  37.74 L= 15.4 | α=0.4708
Step  542112 | Ep 30000 | Return    35.39 | Steps   14 | Avg100 R=  38.18 L= 15.4 | α=0.4318
Step  550245 | Ep 30500 | Return    42.71 | Steps   15 | Avg100 R=  38.25 L= 15.7 | α=0.4003
Step  558318 | Ep 31000 | Return    43.00 | Steps   18 | Avg100 R=  39.42 L= 16.5 | α=0.3600
Step  566194 | Ep 31500 | Return    17.15 | Steps    6 | Avg100 R=  36.57 L= 15.1 | α=0.3264
Step  574060 | Ep 32000 | Return    30.97 | Steps   12 | Avg100 R=  36.02 L= 14.7 | α=0.2862
Step  581996 | Ep 32500 | Return    27.37 | Steps    9 | Avg100 R=  38.48 L= 15.9 | α=0.2579
Step  590225 | Ep 33000 | Return    37.14 | Steps   16 | Avg100 R=  41.97 L= 17.4 | α=0.2311
Step  598177 | Ep 33500 | Return    19.67 | Steps    7 | Avg100 R=  36.53 L= 14.7 | α=0.2158
Step  606459 | Ep 34000 | Return    42.68 | Steps   16 | Avg100 R=  39.13 L= 15.9 | α=0.2001
Step  614344 | Ep 34500 | Return    67.11 | Steps   26 | Avg100 R=  41.30 L= 17.1 | α=0.1824
Step  622204 | Ep 35000 | Return    25.04 | Steps   11 | Avg100 R=  37.56 L= 15.5 | α=0.1607
Step  630375 | Ep 35500 | Return    55.23 | Steps   24 | Avg100 R=  40.61 L= 16.5 | α=0.1439
Step  638342 | Ep 36000 | Return    34.82 | Steps   15 | Avg100 R=  38.94 L= 15.7 | α=0.1347
Step  646209 | Ep 36500 | Return    35.01 | Steps   14 | Avg100 R=  39.91 L= 16.4 | α=0.1174
Step  654381 | Ep 37000 | Return    35.23 | Steps   15 | Avg100 R=  38.29 L= 15.7 | α=0.1068
Step  662278 | Ep 37500 | Return    48.16 | Steps   25 | Avg100 R=  38.15 L= 15.7 | α=0.0958
Step  670186 | Ep 38000 | Return    48.00 | Steps   19 | Avg100 R=  38.30 L= 15.4 | α=0.0910
Step  678011 | Ep 38500 | Return    46.02 | Steps   17 | Avg100 R=  39.54 L= 16.2 | α=0.0801
Step  686028 | Ep 39000 | Return    51.74 | Steps   25 | Avg100 R=  41.83 L= 17.4 | α=0.0767
Step  694345 | Ep 39500 | Return    64.03 | Steps   28 | Avg100 R=  39.72 L= 16.1 | α=0.0676
Step  702546 | Ep 40000 | Return    51.94 | Steps   19 | Avg100 R=  41.47 L= 16.9 | α=0.0606
Step  710574 | Ep 40500 | Return    39.80 | Steps   15 | Avg100 R=  41.42 L= 16.9 | α=0.0566
Step  719226 | Ep 41000 | Return    51.68 | Steps   21 | Avg100 R=  42.60 L= 17.5 | α=0.0508
Step  727303 | Ep 41500 | Return    40.43 | Steps   20 | Avg100 R=  38.69 L= 16.3 | α=0.0492
Step  735564 | Ep 42000 | Return    50.45 | Steps   21 | Avg100 R=  36.92 L= 15.3 | α=0.0485wandb: updating run metadata
wandb: uploading history steps 58189-58195, summary, console lines 124-124
wandb: 
wandb: Run history:
wandb:            agent/alpha ▁▁▁▁▁▁▁▁▁▁▁▁▁▁▁▁▁▁▁▁▁▁▁▁▁▁▁▁▁▁▁▁▂▂▂▅▆▆▆█
wandb:        agent/log_alpha ▄▅▅▅▅▅▅▅▅▅▅▅▅▅▅▅▅▅▅▅▅▄▄▄▄▃▃▃▃▃▁▂▃▅▆▇▇▇██
wandb:               env_step ▁▁▁▂▂▂▂▂▂▂▃▃▃▃▃▃▃▃▃▃▄▄▄▄▄▄▄▅▅▅▅▅▆▆▆▇▇▇▇█
wandb: episode/avg_return_100 ███▆▆▄█▄▇▇▆▅▆▄▅▂▂▃▂▃▃▄▂▄▃▅▄▂▂▄▂▃▁▂▂▁▃▄▃▃
wandb:  episode/avg_steps_100 █▇▇▇▇▅▆▅▅▅▅▅▄▄▃▅▄▃▂▁▂▁▂▂▂▂▂▁▄▂▂▃▂▂▃▃▂▃▁▁
wandb:            episode/num ▁▁▁▁▁▁▁▂▂▂▃▃▃▃▄▄▄▄▄▅▅▅▅▅▅▆▆▆▆▆▇▇▇▇▇▇▇███
wandb:         episode/return ▂▂▂▃▁▂▃▂█▃▃▃▂▂▄▄▃▂▁▄▁▂▂▂▂▁▁▃▂▁▂▁▃▂▂▂▃▂▃▃
wandb:          episode/steps ▂▄▃▅▃▂▁▃▄▃▂▅▆▄▂▂▂▃▄▂▇▄█▃▅▂▂▃▄▄▂▃▂▄▄▂▂▃▁▂
wandb:     episode/terminated ▁▁▁▁▁▁▁▁▁▁▁▁▁▁▁▁▁▁▁▁▁▁▁▁▁▁▁▁▁▁▁▁▁▁▁▁▁▁▁▁
wandb: 
wandb: Run summary:
wandb:            agent/alpha 68.26221
wandb:        agent/log_alpha 4.22336
wandb:               env_step 999994
wandb: episode/avg_return_100 34.32185
wandb:  episode/avg_steps_100 14.84
wandb:            episode/num 58195
wandb:         episode/return 20.5963
wandb:          episode/steps 9
wandb:     episode/terminated 1
wandb: 
wandb: 🚀 View run sac_v2_ext at: https://wandb.ai/vkalva-carnegie-mellon-university/locomimic/runs/vjcv2r2f
wandb: ⭐️ View project at: https://wandb.ai/vkalva-carnegie-mellon-university/locomimic
wandb: Synced 5 W&B file(s), 0 media file(s), 0 artifact file(s) and 0 other file(s)
wandb: Find logs at: ./wandb/run-20260322_233629-vjcv2r2f/logs

Step  743843 | Ep 42500 | Return    24.12 | Steps    9 | Avg100 R=  41.78 L= 16.8 | α=0.0456
Checkpoint saved: models/sac_v2_ext/ckpt_step_750000.pt
Step  752063 | Ep 43000 | Return    30.48 | Steps   12 | Avg100 R=  40.41 L= 16.7 | α=0.0371
Step  760315 | Ep 43500 | Return    40.91 | Steps   20 | Avg100 R=  40.52 L= 16.5 | α=0.0297
Step  768054 | Ep 44000 | Return    55.20 | Steps   22 | Avg100 R=  36.49 L= 14.8 | α=0.0459
Step  775984 | Ep 44500 | Return    29.23 | Steps   15 | Avg100 R=  40.36 L= 16.9 | α=0.0737
Step  783929 | Ep 45000 | Return    66.42 | Steps   27 | Avg100 R=  39.54 L= 16.4 | α=0.2127
Step  792353 | Ep 45500 | Return    37.58 | Steps   14 | Avg100 R=  42.74 L= 18.1 | α=0.1860
Step  801239 | Ep 46000 | Return    45.80 | Steps   18 | Avg100 R=  42.20 L= 17.8 | α=0.3103
Step  809658 | Ep 46500 | Return    43.52 | Steps   19 | Avg100 R=  37.82 L= 16.3 | α=0.5512
Step  817832 | Ep 47000 | Return    32.79 | Steps   13 | Avg100 R=  38.11 L= 15.9 | α=1.1151
Step  826187 | Ep 47500 | Return    44.38 | Steps   20 | Avg100 R=  37.27 L= 15.7 | α=2.9071
Step  834432 | Ep 48000 | Return    29.49 | Steps   10 | Avg100 R=  38.81 L= 15.9 | α=3.9104
Step  842486 | Ep 48500 | Return    46.59 | Steps   18 | Avg100 R=  37.58 L= 15.5 | α=5.8396
Step  850339 | Ep 49000 | Return    23.81 | Steps   10 | Avg100 R=  36.75 L= 15.1 | α=9.7821
Step  858230 | Ep 49500 | Return    16.72 | Steps    6 | Avg100 R=  38.62 L= 15.8 | α=12.1700
Step  866453 | Ep 50000 | Return    34.36 | Steps   16 | Avg100 R=  41.14 L= 16.9 | α=16.1008
Step  874762 | Ep 50500 | Return    40.04 | Steps   16 | Avg100 R=  39.85 L= 16.5 | α=21.0948
Step  883406 | Ep 51000 | Return    32.28 | Steps   14 | Avg100 R=  41.05 L= 17.1 | α=27.6153
Step  891401 | Ep 51500 | Return    34.30 | Steps   13 | Avg100 R=  38.44 L= 15.9 | α=31.6418
Step  899901 | Ep 52000 | Return    39.77 | Steps   17 | Avg100 R=  42.43 L= 17.7 | α=34.7996
Step  908339 | Ep 52500 | Return    40.08 | Steps   16 | Avg100 R=  40.29 L= 16.6 | α=38.9982
Step  916693 | Ep 53000 | Return    31.86 | Steps   12 | Avg100 R=  39.12 L= 16.5 | α=42.6281
Step  925134 | Ep 53500 | Return    49.25 | Steps   23 | Avg100 R=  39.35 L= 16.5 | α=48.1397
Step  933229 | Ep 54000 | Return    17.36 | Steps    8 | Avg100 R=  37.67 L= 16.0 | α=50.1059
Step  941076 | Ep 54500 | Return    21.37 | Steps    8 | Avg100 R=  40.15 L= 16.7 | α=53.9867
Step  949115 | Ep 55000 | Return    29.98 | Steps   12 | Avg100 R=  36.70 L= 15.3 | α=53.4168
Step  957029 | Ep 55500 | Return    31.59 | Steps   13 | Avg100 R=  38.36 L= 16.3 | α=54.4393
Step  965366 | Ep 56000 | Return    29.91 | Steps   14 | Avg100 R=  38.62 L= 16.5 | α=62.1451
Step  973781 | Ep 56500 | Return    47.31 | Steps   20 | Avg100 R=  37.64 L= 16.2 | α=64.4497
Step  981762 | Ep 57000 | Return    25.73 | Steps   11 | Avg100 R=  37.83 L= 16.2 | α=68.7910
Step  989540 | Ep 57500 | Return    38.82 | Steps   18 | Avg100 R=  34.88 L= 15.0 | α=68.5819
Step  997021 | Ep 58000 | Return    36.07 | Steps   14 | Avg100 R=  34.48 L= 14.8 | α=69.8905
Final model saved: models/sac_v2_ext/final.pt
Training complete.
